Archive member included to satisfy reference by file (symbol)

d:/engazat/embeddedsystem/currently/imt/imt_arm_diploma/imt_arm_course/02- tools/03- imt sdk/imt_sdk_win_64/winarm/armgcc/bin/../lib/gcc/arm-none-eabi/7.2.1/thumb/v7-m\libgcc.a(_arm_addsubdf3.o)
                              ./src/stm32f103c8t6_usart.o (__aeabi_dsub)
d:/engazat/embeddedsystem/currently/imt/imt_arm_diploma/imt_arm_course/02- tools/03- imt sdk/imt_sdk_win_64/winarm/armgcc/bin/../lib/gcc/arm-none-eabi/7.2.1/thumb/v7-m\libgcc.a(_arm_muldivdf3.o)
                              ./src/stm32f103c8t6_usart.o (__aeabi_dmul)
d:/engazat/embeddedsystem/currently/imt/imt_arm_diploma/imt_arm_course/02- tools/03- imt sdk/imt_sdk_win_64/winarm/armgcc/bin/../lib/gcc/arm-none-eabi/7.2.1/thumb/v7-m\libgcc.a(_arm_truncdfsf2.o)
                              ./src/stm32f103c8t6_usart.o (__aeabi_d2f)
d:/engazat/embeddedsystem/currently/imt/imt_arm_diploma/imt_arm_course/02- tools/03- imt sdk/imt_sdk_win_64/winarm/armgcc/bin/../lib/gcc/arm-none-eabi/7.2.1/thumb/v7-m\libgcc.a(_arm_addsubsf3.o)
                              ./src/stm32f103c8t6_usart.o (__aeabi_fsub)
d:/engazat/embeddedsystem/currently/imt/imt_arm_diploma/imt_arm_course/02- tools/03- imt sdk/imt_sdk_win_64/winarm/armgcc/bin/../lib/gcc/arm-none-eabi/7.2.1/thumb/v7-m\libgcc.a(_arm_muldivsf3.o)
                              ./src/stm32f103c8t6_usart.o (__aeabi_fmul)
d:/engazat/embeddedsystem/currently/imt/imt_arm_diploma/imt_arm_course/02- tools/03- imt sdk/imt_sdk_win_64/winarm/armgcc/bin/../lib/gcc/arm-none-eabi/7.2.1/thumb/v7-m\libgcc.a(_arm_cmpsf2.o)
                              ./src/stm32f103c8t6_usart.o (__aeabi_fcmpge)
d:/engazat/embeddedsystem/currently/imt/imt_arm_diploma/imt_arm_course/02- tools/03- imt sdk/imt_sdk_win_64/winarm/armgcc/bin/../lib/gcc/arm-none-eabi/7.2.1/thumb/v7-m\libgcc.a(_arm_fixunssfsi.o)
                              ./src/stm32f103c8t6_usart.o (__aeabi_f2uiz)
d:/engazat/embeddedsystem/currently/imt/imt_arm_diploma/imt_arm_course/02- tools/03- imt sdk/imt_sdk_win_64/winarm/armgcc/bin/../lib/gcc/arm-none-eabi/7.2.1/../../../../arm-none-eabi/lib/thumb/v7-m\libg_nano.a(lib_a-errno.o)
                              ./system/src/newlib/_sbrk.o (__errno)
d:/engazat/embeddedsystem/currently/imt/imt_arm_diploma/imt_arm_course/02- tools/03- imt sdk/imt_sdk_win_64/winarm/armgcc/bin/../lib/gcc/arm-none-eabi/7.2.1/../../../../arm-none-eabi/lib/thumb/v7-m\libg_nano.a(lib_a-impure.o)
                              d:/engazat/embeddedsystem/currently/imt/imt_arm_diploma/imt_arm_course/02- tools/03- imt sdk/imt_sdk_win_64/winarm/armgcc/bin/../lib/gcc/arm-none-eabi/7.2.1/../../../../arm-none-eabi/lib/thumb/v7-m\libg_nano.a(lib_a-errno.o) (_impure_ptr)
d:/engazat/embeddedsystem/currently/imt/imt_arm_diploma/imt_arm_course/02- tools/03- imt sdk/imt_sdk_win_64/winarm/armgcc/bin/../lib/gcc/arm-none-eabi/7.2.1/../../../../arm-none-eabi/lib/thumb/v7-m\libg_nano.a(lib_a-strlen.o)
                              ./system/src/diag/Trace.o (strlen)
d:/engazat/embeddedsystem/currently/imt/imt_arm_diploma/imt_arm_course/02- tools/03- imt sdk/imt_sdk_win_64/winarm/armgcc/bin/../lib/gcc/arm-none-eabi/7.2.1/../../../../arm-none-eabi/lib/thumb/v7-m\libg_nano.a(lib_a-vsnprintf.o)
                              ./system/src/diag/Trace.o (vsnprintf)
d:/engazat/embeddedsystem/currently/imt/imt_arm_diploma/imt_arm_course/02- tools/03- imt sdk/imt_sdk_win_64/winarm/armgcc/bin/../lib/gcc/arm-none-eabi/7.2.1/../../../../arm-none-eabi/lib/thumb/v7-m\libg_nano.a(lib_a-nano-svfprintf.o)
                              d:/engazat/embeddedsystem/currently/imt/imt_arm_diploma/imt_arm_course/02- tools/03- imt sdk/imt_sdk_win_64/winarm/armgcc/bin/../lib/gcc/arm-none-eabi/7.2.1/../../../../arm-none-eabi/lib/thumb/v7-m\libg_nano.a(lib_a-vsnprintf.o) (_svfprintf_r)
d:/engazat/embeddedsystem/currently/imt/imt_arm_diploma/imt_arm_course/02- tools/03- imt sdk/imt_sdk_win_64/winarm/armgcc/bin/../lib/gcc/arm-none-eabi/7.2.1/../../../../arm-none-eabi/lib/thumb/v7-m\libg_nano.a(lib_a-nano-vfprintf_i.o)
                              d:/engazat/embeddedsystem/currently/imt/imt_arm_diploma/imt_arm_course/02- tools/03- imt sdk/imt_sdk_win_64/winarm/armgcc/bin/../lib/gcc/arm-none-eabi/7.2.1/../../../../arm-none-eabi/lib/thumb/v7-m\libg_nano.a(lib_a-nano-svfprintf.o) (_printf_i)
d:/engazat/embeddedsystem/currently/imt/imt_arm_diploma/imt_arm_course/02- tools/03- imt sdk/imt_sdk_win_64/winarm/armgcc/bin/../lib/gcc/arm-none-eabi/7.2.1/../../../../arm-none-eabi/lib/thumb/v7-m\libg_nano.a(lib_a-memchr-stub.o)
                              d:/engazat/embeddedsystem/currently/imt/imt_arm_diploma/imt_arm_course/02- tools/03- imt sdk/imt_sdk_win_64/winarm/armgcc/bin/../lib/gcc/arm-none-eabi/7.2.1/../../../../arm-none-eabi/lib/thumb/v7-m\libg_nano.a(lib_a-nano-svfprintf.o) (memchr)
[...]
Memory Configuration

Name             Origin             Length             Attributes
RAM              0x20000000         0x00005000         xrw
CCMRAM           0x00000000         0x00000000         xrw
FLASH            0x08000000         0x00020000         xr
FLASHB1          0x00000000         0x00000000         xr
EXTMEMB0         0x00000000         0x00000000         xr
EXTMEMB1         0x00000000         0x00000000         xr
EXTMEMB2         0x00000000         0x00000000         xr
EXTMEMB3         0x00000000         0x00000000         xr
MEMORY_ARRAY     0x00000000         0x00000000         xrw
*default*        0x00000000         0xffffffff

Linker script and memory map

LOAD ./system/src/stm32f1-stdperiph/misc.o
LOAD ./system/src/stm32f1-stdperiph/stm32f10x_gpio.o
LOAD ./system/src/stm32f1-stdperiph/stm32f10x_rcc.o
LOAD ./system/src/newlib/_cxx.o
LOAD ./system/src/newlib/_exit.o
LOAD ./system/src/newlib/_sbrk.o
LOAD ./system/src/newlib/_startup.o
LOAD ./system/src/newlib/_syscalls.o
LOAD ./system/src/newlib/assert.o
LOAD ./system/src/diag/Trace.o
LOAD ./system/src/diag/trace_impl.o
LOAD ./system/src/cortexm/_initialize_hardware.o
LOAD ./system/src/cortexm/_reset_hardware.o
LOAD ./system/src/cortexm/exception_handlers.o
LOAD ./system/src/cmsis/system_stm32f10x.o
LOAD ./system/src/cmsis/vectors_stm32f10x.o
LOAD ./src/ir_sensor.o
LOAD ./src/main.o
LOAD ./src/pov_display.o
LOAD ./src/shift_register.o
LOAD ./src/stm23f103c8t6_dma.o
LOAD ./src/stm23f103c8t6_systick.o
LOAD ./src/stm32f103c8t6_afio.o
LOAD ./src/stm32f103c8t6_exti.o
LOAD ./src/stm32f103c8t6_gpio.o
LOAD ./src/stm32f103c8t6_nvic.o
LOAD ./src/stm32f103c8t6_rcc.o
LOAD ./src/stm32f103c8t6_spi.o
LOAD ./src/stm32f103c8t6_timer.o
LOAD ./src/stm32f103c8t6_usart.o
LOAD d:/engazat/embeddedsystem/currently/imt/imt_arm_diploma/imt_arm_course/02- tools/03- imt sdk/imt_sdk_win_64/winarm/armgcc/bin/../lib/gcc/arm-none-eabi/7.2.1/../../../../arm-none-eabi/lib/thumb/v7-m\libstdc++_nano.a
LOAD d:/engazat/embeddedsystem/currently/imt/imt_arm_diploma/imt_arm_course/02- tools/03- imt sdk/imt_sdk_win_64/winarm/armgcc/bin/../lib/gcc/arm-none-eabi/7.2.1/../../../../arm-none-eabi/lib/thumb/v7-m\libm.a
START GROUP
LOAD d:/engazat/embeddedsystem/currently/imt/imt_arm_diploma/imt_arm_course/02- tools/03- imt sdk/imt_sdk_win_64/winarm/armgcc/bin/../lib/gcc/arm-none-eabi/7.2.1/thumb/v7-m\libgcc.a
LOAD d:/engazat/embeddedsystem/currently/imt/imt_arm_diploma/imt_arm_course/02- tools/03- imt sdk/imt_sdk_win_64/winarm/armgcc/bin/../lib/gcc/arm-none-eabi/7.2.1/../../../../arm-none-eabi/lib/thumb/v7-m\libg_nano.a
LOAD d:/engazat/embeddedsystem/currently/imt/imt_arm_diploma/imt_arm_course/02- tools/03- imt sdk/imt_sdk_win_64/winarm/armgcc/bin/../lib/gcc/arm-none-eabi/7.2.1/../../../../arm-none-eabi/lib/thumb/v7-m\libc_nano.a
END GROUP
START GROUP
LOAD d:/engazat/embeddedsystem/currently/imt/imt_arm_diploma/imt_arm_course/02- tools/03- imt sdk/imt_sdk_win_64/winarm/armgcc/bin/../lib/gcc/arm-none-eabi/7.2.1/thumb/v7-m\libgcc.a
LOAD d:/engazat/embeddedsystem/currently/imt/imt_arm_diploma/imt_arm_course/02- tools/03- imt sdk/imt_sdk_win_64/winarm/armgcc/bin/../lib/gcc/arm-none-eabi/7.2.1/../../../../arm-none-eabi/lib/thumb/v7-m\libc_nano.a
END GROUP
                0x20005000                __stack = (ORIGIN (RAM) + LENGTH (RAM))
                0x20005000                _estack = __stack
                0x00000400                __Main_Stack_Size = 0x400
                [!provide]                PROVIDE (_Main_Stack_Size, __Main_Stack_Size)
                0x20004c00                __Main_Stack_Limit = (__stack - __Main_Stack_Size)
                [!provide]                PROVIDE (_Main_Stack_Limit, __Main_Stack_Limit)
                0x00000100                _Minimum_Stack_Size = 0x100
                0x200004b4                PROVIDE (_Heap_Begin, _end_noinit)
                0x20004c00                PROVIDE (_Heap_Limit, (__stack - __Main_Stack_Size))

.isr_vector     0x08000000      0x350
 FILL mask 0xff
                0x08000000                __vectors_start = ABSOLUTE (.)
                0x08000000                __vectors_start__ = ABSOLUTE (.)
 *(.isr_vector)
 .isr_vector    0x08000000      0x10c ./system/src/cmsis/vectors_stm32f10x.o
                0x08000000                __isr_vectors
 *(.cfmconfig)
 *(.after_vectors .after_vectors.*)
 .after_vectors
                0x0800010c      0x114 ./system/src/newlib/_startup.o
                0x0800010c                _start
 .after_vectors
                0x08000220      0x12c ./system/src/cortexm/exception_handlers.o
                0x08000220                Reset_Handler
                0x08000226                NMI_Handler
                0x0800022a                HardFault_Handler
                0x0800023e                HardFault_Handler_C
                0x0800029c                MemManage_Handler
                0x080002a0                BusFault_Handler
                0x080002b4                BusFault_Handler_C
                0x080002e8                UsageFault_Handler
                0x080002fc                UsageFault_Handler_C
                0x08000330                SVC_Handler
                0x08000334                DebugMon_Handler
                0x08000338                PendSV_Handler
 .after_vectors
                0x0800034c        0x4 ./system/src/cmsis/vectors_stm32f10x.o
                0x0800034c                TIM8_TRG_COM_IRQHandler
                0x0800034c                TIM8_CC_IRQHandler
                0x0800034c                TIM1_CC_IRQHandler
                0x0800034c                TIM6_IRQHandler
                0x0800034c                PVD_IRQHandler
                0x0800034c                SDIO_IRQHandler
                0x0800034c                CAN2_RX1_IRQHandler
                0x0800034c                TIM8_TRG_COM_TIM14_IRQHandler
                0x0800034c                TIM1_UP_TIM10_IRQHandler
                0x0800034c                TIM8_UP_TIM13_IRQHandler
                0x0800034c                I2C2_EV_IRQHandler
                0x0800034c                CAN1_RX0_IRQHandler
                0x0800034c                TIM1_UP_TIM16_IRQHandler
                0x0800034c                CAN2_SCE_IRQHandler
                0x0800034c                ADC1_2_IRQHandler
                0x0800034c                SPI1_IRQHandler
                0x0800034c                TAMPER_IRQHandler
                0x0800034c                TIM6_DAC_IRQHandler
                0x0800034c                TIM1_BRK_TIM9_IRQHandler
                0x0800034c                CAN2_RX0_IRQHandler
                0x0800034c                TIM8_UP_IRQHandler
                0x0800034c                DMA2_Channel2_IRQHandler
                0x0800034c                DMA1_Channel4_IRQHandler
                0x0800034c                USART3_IRQHandler
                0x0800034c                RTC_IRQHandler
                0x0800034c                DMA1_Channel7_IRQHandler
                0x0800034c                CAN1_RX1_IRQHandler
                0x0800034c                UART5_IRQHandler
                0x0800034c                ADC3_IRQHandler
                0x0800034c                DMA2_Channel1_IRQHandler
                0x0800034c                I2C1_EV_IRQHandler
                0x0800034c                DMA1_Channel6_IRQHandler
                0x0800034c                UART4_IRQHandler
                0x0800034c                DMA2_Channel4_IRQHandler
                0x0800034c                RCC_IRQHandler
                0x0800034c                TIM8_BRK_TIM12_IRQHandler
                0x0800034c                TIM1_TRG_COM_IRQHandler
                0x0800034c                Default_Handler
                0x0800034c                CEC_IRQHandler
                0x0800034c                EXTI15_10_IRQHandler
                0x0800034c                TIM14_IRQHandler
                0x0800034c                TIM13_IRQHandler
                0x0800034c                TIM12_IRQHandler
                0x0800034c                TIM7_IRQHandler
                0x0800034c                CAN2_TX_IRQHandler
                0x0800034c                TIM5_IRQHandler
                0x0800034c                EXTI9_5_IRQHandler
                0x0800034c                ETH_WKUP_IRQHandler
                0x0800034c                SPI2_IRQHandler
                0x0800034c                CAN1_TX_IRQHandler
                0x0800034c                DMA2_Channel5_IRQHandler
                0x0800034c                DMA1_Channel5_IRQHandler
                0x0800034c                USB_LP_CAN1_RX0_IRQHandler
                0x0800034c                TIM1_TRG_COM_TIM17_IRQHandler
                0x0800034c                USB_HP_CAN1_TX_IRQHandler
                0x0800034c                DMA1_Channel3_IRQHandler
                0x0800034c                FSMC_IRQHandler
                0x0800034c                ETH_IRQHandler
                0x0800034c                WWDG_IRQHandler
                0x0800034c                OTG_FS_WKUP_IRQHandler
                0x0800034c                TIM1_TRG_COM_TIM11_IRQHandler
                0x0800034c                TIM1_BRK_IRQHandler
                0x0800034c                RTCAlarm_IRQHandler
                0x0800034c                DMA2_Channel4_5_IRQHandler
                0x0800034c                USART2_IRQHandler
                0x0800034c                I2C2_ER_IRQHandler
                0x0800034c                DMA1_Channel2_IRQHandler
                0x0800034c                TIM8_BRK_IRQHandler
                0x0800034c                CAN1_SCE_IRQHandler
                0x0800034c                FLASH_IRQHandler
                0x0800034c                USART1_IRQHandler
                0x0800034c                OTG_FS_IRQHandler
                0x0800034c                SPI3_IRQHandler
                0x0800034c                I2C1_ER_IRQHandler
                0x0800034c                USBWakeUp_IRQHandler
                0x0800034c                DMA2_Channel3_IRQHandler
                0x0800034c                TIM1_BRK_TIM15_IRQHandler

.inits          0x08000350       0x28
                0x08000350                __data_regions_array_start = .
                0x08000350        0x4 LONG 0x8002064 LOADADDR (.data)
                0x08000354        0x4 LONG 0x20000000 ADDR (.data)
                0x08000358        0x4 LONG 0x200002a8 (ADDR (.data) + SIZEOF (.data))
                0x0800035c        0x4 LONG 0x8002064 LOADADDR (.data_CCMRAM)
                0x08000360        0x4 LONG 0x0 ADDR (.data_CCMRAM)
                0x08000364        0x4 LONG 0x0 (ADDR (.data_CCMRAM) + SIZEOF (.data_CCMRAM))
                0x08000368                __data_regions_array_end = .
                0x08000368                __bss_regions_array_start = .
                0x08000368        0x4 LONG 0x200002a8 ADDR (.bss)
                0x0800036c        0x4 LONG 0x200004b4 (ADDR (.bss) + SIZEOF (.bss))
                0x08000370        0x4 LONG 0x0 ADDR (.bss_CCMRAM)
                0x08000374        0x4 LONG 0x0 (ADDR (.bss_CCMRAM) + SIZEOF (.bss_CCMRAM))
                0x08000378                __bss_regions_array_end = .
 *(.init)
 *(.fini)
                0x08000378                . = ALIGN (0x4)
                0x08000378                PROVIDE (__preinit_array_start, .)
 *(.preinit_array_sysinit .preinit_array_sysinit.*)
 *(.preinit_array_platform .preinit_array_platform.*)
 *(.preinit_array .preinit_array.*)
                0x08000378                PROVIDE (__preinit_array_end, .)
                0x08000378                . = ALIGN (0x4)
                0x08000378                PROVIDE (__init_array_start, .)
 *(SORT_BY_NAME(.init_array.*))
 *(.init_array)
                0x08000378                PROVIDE (__init_array_end, .)
                0x08000378                . = ALIGN (0x4)
                0x08000378                PROVIDE (__fini_array_start, .)
 *(SORT_BY_NAME(.fini_array.*))
 *(.fini_array)
                0x08000378                PROVIDE (__fini_array_end, .)

.flashtext
 *(.flashtext .flashtext.*)

.text           0x08000378     0x1ceb
 *(.text .text.*)
 .text._exit    0x08000378        0x2 ./system/src/newlib/_exit.o
                0x08000378                _exit
 *fill*         0x0800037a        0x2 
 .text._sbrk    0x0800037c       0x44 ./system/src/newlib/_sbrk.o
                0x0800037c                _sbrk
 .text.__initialize_args
                0x080003c0       0x10 ./system/src/newlib/_syscalls.o
                0x080003c0                __initialize_args
 .text.trace_printf
                0x080003d0       0x30 ./system/src/diag/Trace.o
                0x080003d0                trace_printf
 .text._trace_write_semihosting_debug
                0x08000400       0x60 ./system/src/diag/trace_impl.o
 .text.trace_write
                0x08000460        0x8 ./system/src/diag/trace_impl.o
                0x08000460                trace_write
 .text.__initialize_hardware_early
                0x08000468       0x18 ./system/src/cortexm/_initialize_hardware.o
                0x08000468                __initialize_hardware_early
 .text.__initialize_hardware
                0x08000480        0x8 ./system/src/cortexm/_initialize_hardware.o
                0x08000480                __initialize_hardware
 .text.dumpExceptionStack
                0x08000488       0xf4 ./system/src/cortexm/exception_handlers.o
                0x08000488                dumpExceptionStack
 .text.isSemihosting
                0x0800057c       0x20 ./system/src/cortexm/exception_handlers.o
                0x0800057c                isSemihosting
 .text.SetSysClockTo72
                0x0800059c       0xc4 ./system/src/cmsis/system_stm32f10x.o
 .text.SetSysClock
                0x08000660        0x8 ./system/src/cmsis/system_stm32f10x.o
 .text.SystemInit
                0x08000668       0x50 ./system/src/cmsis/system_stm32f10x.o
                0x08000668                SystemInit
 .text.SystemCoreClockUpdate
                0x080006b8       0x94 ./system/src/cmsis/system_stm32f10x.o
                0x080006b8                SystemCoreClockUpdate
 .text.IR_voidGetFrame
                0x0800074c       0x58 ./src/ir_sensor.o
                0x0800074c                IR_voidGetFrame
 .text.IR_voidInit
                0x080007a4        0xe ./src/ir_sensor.o
                0x080007a4                IR_voidInit
 *fill*         0x080007b2        0x2 
 .text.IR_voidSetInterruptPin
                0x080007b4       0x30 ./src/ir_sensor.o
                0x080007b4                IR_voidSetInterruptPin
 .text.voidTakeAction
                0x080007e4       0xf0 ./src/ir_sensor.o
                0x080007e4                voidTakeAction
 .text._voidResetArrayElements
                0x080008d4       0x14 ./src/ir_sensor.o
                0x080008d4                _voidResetArrayElements
 .text.IR_voidReadFrame
                0x080008e8       0x80 ./src/ir_sensor.o
                0x080008e8                IR_voidReadFrame
 .text.IR_voidSetCallBack
                0x08000968       0x18 ./src/ir_sensor.o
                0x08000968                IR_voidSetCallBack
 .text.Calc_voidTime
                0x08000980        0x4 ./src/main.o
                0x08000980                Calc_voidTime
 .text.Button_P_PLUS_Action
                0x08000984       0x2c ./src/main.o
                0x08000984                Button_P_PLUS_Action
 .text.Button_P_MINUS_Action
                0x080009b0       0x24 ./src/main.o
                0x080009b0                Button_P_MINUS_Action
 .text.Button_POWER_Action
                0x080009d4        0xc ./src/main.o
                0x080009d4                Button_POWER_Action
 .text.Button_OK_Action
                0x080009e0       0x40 ./src/main.o
                0x080009e0                Button_OK_Action
 .text.Button_LEFT_Action
                0x08000a20       0x1c ./src/main.o
                0x08000a20                Button_LEFT_Action
 .text.Button_RIGHT_Action
                0x08000a3c       0x1c ./src/main.o
                0x08000a3c                Button_RIGHT_Action
 .text.Button_VOL_PLUS_Action
                0x08000a58       0x20 ./src/main.o
                0x08000a58                Button_VOL_PLUS_Action
 .text.Button_VOL_MINUS_Action
                0x08000a78       0x20 ./src/main.o
                0x08000a78                Button_VOL_MINUS_Action
 .text.HallEffect
                0x08000a98       0xac ./src/main.o
                0x08000a98                HallEffect
 .text.main     0x08000b44      0x39c ./src/main.o
                0x08000b44                main
 .text.POV_DisplayMinutes
                0x08000ee0       0xa0 ./src/pov_display.o
                0x08000ee0                POV_DisplayMinutes
 .text.POV_DisplayClock
                0x08000f80      0x160 ./src/pov_display.o
                0x08000f80                POV_DisplayClock
 .text.POV_DisplayWord
                0x080010e0       0x1e ./src/pov_display.o
                0x080010e0                POV_DisplayWord
 .text.S2P_voidSend16BitSynchronous
                0x080010fe       0x72 ./src/shift_register.o
                0x080010fe                S2P_voidSend16BitSynchronous
 .text.DMA1_Channel1_IRQHandler
                0x08001170        0x2 ./src/stm23f103c8t6_dma.o
                0x08001170                DMA1_Channel1_IRQHandler
 *fill*         0x08001172        0x2 
 .text.SysTick_Handler
                0x08001174       0x5c ./src/stm23f103c8t6_systick.o
                0x08001174                SysTick_Handler
 .text.AFIO_voidExtiRemapPort
                0x080011d0       0x34 ./src/stm32f103c8t6_afio.o
                0x080011d0                AFIO_voidExtiRemapPort
 .text.EXTI_voidEnable
                0x08001204       0x48 ./src/stm32f103c8t6_exti.o
                0x08001204                EXTI_voidEnable
 .text.EXTI_voidRemapPort
                0x0800124c        0x8 ./src/stm32f103c8t6_exti.o
                0x0800124c                EXTI_voidRemapPort
 .text.EXTI_voidSetCallBack
                0x08001254       0x18 ./src/stm32f103c8t6_exti.o
                0x08001254                EXTI_voidSetCallBack
 .text.EXTI0_IRQHandler
                0x0800126c       0x24 ./src/stm32f103c8t6_exti.o
                0x0800126c                EXTI0_IRQHandler
 .text.EXTI1_IRQHandler
                0x08001290       0x24 ./src/stm32f103c8t6_exti.o
                0x08001290                EXTI1_IRQHandler
 .text.EXTI2_IRQHandler
                0x080012b4       0x24 ./src/stm32f103c8t6_exti.o
                0x080012b4                EXTI2_IRQHandler
 .text.EXTI3_IRQHandler
                0x080012d8       0x24 ./src/stm32f103c8t6_exti.o
                0x080012d8                EXTI3_IRQHandler
 .text.EXTI4_IRQHandler
                0x080012fc       0x24 ./src/stm32f103c8t6_exti.o
                0x080012fc                EXTI4_IRQHandler
 .text.GPIO_voidSetPinDir
                0x08001320       0x60 ./src/stm32f103c8t6_gpio.o
                0x08001320                GPIO_voidSetPinDir
 .text.GPIO_voidSetPinValue
                0x08001380       0x34 ./src/stm32f103c8t6_gpio.o
                0x08001380                GPIO_voidSetPinValue
 .text.MNVIC_voidEnableInterrupt
                0x080013b4       0x2c ./src/stm32f103c8t6_nvic.o
                0x080013b4                MNVIC_voidEnableInterrupt
 .text.MNVIC_voidSetPriority
                0x080013e0       0x34 ./src/stm32f103c8t6_nvic.o
                0x080013e0                MNVIC_voidSetPriority
 .text.RCC_voidInitSysClock
                0x08001414       0x14 ./src/stm32f103c8t6_rcc.o
                0x08001414                RCC_voidInitSysClock
 .text.RCC_voidEnableClock
                0x08001428       0x4c ./src/stm32f103c8t6_rcc.o
                0x08001428                RCC_voidEnableClock
 .text.TIM_voidInit
                0x08001474       0x74 ./src/stm32f103c8t6_timer.o
                0x08001474                TIM_voidInit
 .text.TIM_voidDelay
                0x080014e8       0x4c ./src/stm32f103c8t6_timer.o
                0x080014e8                TIM_voidDelay
 .text.TIM_voidSetSingleInterval
                0x08001534       0x48 ./src/stm32f103c8t6_timer.o
                0x08001534                TIM_voidSetSingleInterval
 .text.TIM_u16GetElapsedTime
                0x0800157c       0x18 ./src/stm32f103c8t6_timer.o
                0x0800157c                TIM_u16GetElapsedTime
 .text.TIM1_UP_IRQHandler
                0x08001594       0x3c ./src/stm32f103c8t6_timer.o
                0x08001594                TIM1_UP_IRQHandler
 .text.TIM2_IRQHandler
                0x080015d0       0x3c ./src/stm32f103c8t6_timer.o
                0x080015d0                TIM2_IRQHandler
 .text.TIM3_IRQHandler
                0x0800160c       0x3c ./src/stm32f103c8t6_timer.o
                0x0800160c                TIM3_IRQHandler
 .text.TIM4_IRQHandler
                0x08001648       0x40 ./src/stm32f103c8t6_timer.o
                0x08001648                TIM4_IRQHandler
 .text.__errno  0x08001688        0xc d:/engazat/embeddedsystem/currently/imt/imt_arm_diploma/imt_arm_course/02- tools/03- imt sdk/imt_sdk_win_64/winarm/armgcc/bin/../lib/gcc/arm-none-eabi/7.2.1/../../../../arm-none-eabi/lib/thumb/v7-m\libg_nano.a(lib_a-errno.o)
                0x08001688                __errno
 .text._vsnprintf_r
                0x08001694       0x58 d:/engazat/embeddedsystem/currently/imt/imt_arm_diploma/imt_arm_course/02- tools/03- imt sdk/imt_sdk_win_64/winarm/armgcc/bin/../lib/gcc/arm-none-eabi/7.2.1/../../../../arm-none-eabi/lib/thumb/v7-m\libg_nano.a(lib_a-vsnprintf.o)
                0x08001694                _vsniprintf_r
                0x08001694                _vsnprintf_r
 .text.vsnprintf
                0x080016ec       0x1c d:/engazat/embeddedsystem/currently/imt/imt_arm_diploma/imt_arm_course/02- tools/03- imt sdk/imt_sdk_win_64/winarm/armgcc/bin/../lib/gcc/arm-none-eabi/7.2.1/../../../../arm-none-eabi/lib/thumb/v7-m\libg_nano.a(lib_a-vsnprintf.o)
                0x080016ec                vsniprintf
                0x080016ec                vsnprintf
 .text.__ssputs_r
                0x08001708       0xb4 d:/engazat/embeddedsystem/currently/imt/imt_arm_diploma/imt_arm_course/02- tools/03- imt sdk/imt_sdk_win_64/winarm/armgcc/bin/../lib/gcc/arm-none-eabi/7.2.1/../../../../arm-none-eabi/lib/thumb/v7-m\libg_nano.a(lib_a-nano-svfprintf.o)
                0x08001708                __ssputs_r
 .text._svfprintf_r
                0x080017bc      0x1ec d:/engazat/embeddedsystem/currently/imt/imt_arm_diploma/imt_arm_course/02- tools/03- imt sdk/imt_sdk_win_64/winarm/armgcc/bin/../lib/gcc/arm-none-eabi/7.2.1/../../../../arm-none-eabi/lib/thumb/v7-m\libg_nano.a(lib_a-nano-svfprintf.o)
                0x080017bc                _svfiprintf_r
                0x080017bc                _svfprintf_r
 .text._printf_common
                0x080019a8       0xec d:/engazat/embeddedsystem/currently/imt/imt_arm_diploma/imt_arm_course/02- tools/03- imt sdk/imt_sdk_win_64/winarm/armgcc/bin/../lib/gcc/arm-none-eabi/7.2.1/../../../../arm-none-eabi/lib/thumb/v7-m\libg_nano.a(lib_a-nano-vfprintf_i.o)
                0x080019a8                _printf_common
 .text._printf_i
                0x08001a94      0x224 d:/engazat/embeddedsystem/currently/imt/imt_arm_diploma/imt_arm_course/02- tools/03- imt sdk/imt_sdk_win_64/winarm/armgcc/bin/../lib/gcc/arm-none-eabi/7.2.1/../../../../arm-none-eabi/lib/thumb/v7-m\libg_nano.a(lib_a-nano-vfprintf_i.o)
                0x08001a94                _printf_i
 .text.memchr   0x08001cb8       0x1c d:/engazat/embeddedsystem/currently/imt/imt_arm_diploma/imt_arm_course/02- tools/03- imt sdk/imt_sdk_win_64/winarm/armgcc/bin/../lib/gcc/arm-none-eabi/7.2.1/../../../../arm-none-eabi/lib/thumb/v7-m\libg_nano.a(lib_a-memchr-stub.o)
                0x08001cb8                memchr
 .text.memcpy   0x08001cd4       0x16 d:/engazat/embeddedsystem/currently/imt/imt_arm_diploma/imt_arm_course/02- tools/03- imt sdk/imt_sdk_win_64/winarm/armgcc/bin/../lib/gcc/arm-none-eabi/7.2.1/../../../../arm-none-eabi/lib/thumb/v7-m\libg_nano.a(lib_a-memcpy-stub.o)
                0x08001cd4                memcpy
 .text.memmove  0x08001cea       0x32 d:/engazat/embeddedsystem/currently/imt/imt_arm_diploma/imt_arm_course/02- tools/03- imt sdk/imt_sdk_win_64/winarm/armgcc/bin/../lib/gcc/arm-none-eabi/7.2.1/../../../../arm-none-eabi/lib/thumb/v7-m\libg_nano.a(lib_a-memmove.o)
                0x08001cea                memmove
 .text._free_r  0x08001d1c       0x98 d:/engazat/embeddedsystem/currently/imt/imt_arm_diploma/imt_arm_course/02- tools/03- imt sdk/imt_sdk_win_64/winarm/armgcc/bin/../lib/gcc/arm-none-eabi/7.2.1/../../../../arm-none-eabi/lib/thumb/v7-m\libg_nano.a(lib_a-nano-freer.o)
                0x08001d1c                _free_r
 .text._malloc_r
                0x08001db4       0xb4 d:/engazat/embeddedsystem/currently/imt/imt_arm_diploma/imt_arm_course/02- tools/03- imt sdk/imt_sdk_win_64/winarm/armgcc/bin/../lib/gcc/arm-none-eabi/7.2.1/../../../../arm-none-eabi/lib/thumb/v7-m\libg_nano.a(lib_a-nano-mallocr.o)
                0x08001db4                _malloc_r
 .text._realloc_r
                0x08001e68       0x4c d:/engazat/embeddedsystem/currently/imt/imt_arm_diploma/imt_arm_course/02- tools/03- imt sdk/imt_sdk_win_64/winarm/armgcc/bin/../lib/gcc/arm-none-eabi/7.2.1/../../../../arm-none-eabi/lib/thumb/v7-m\libg_nano.a(lib_a-nano-reallocr.o)
                0x08001e68                _realloc_r
 .text._sbrk_r  0x08001eb4       0x20 d:/engazat/embeddedsystem/currently/imt/imt_arm_diploma/imt_arm_course/02- tools/03- imt sdk/imt_sdk_win_64/winarm/armgcc/bin/../lib/gcc/arm-none-eabi/7.2.1/../../../../arm-none-eabi/lib/thumb/v7-m\libg_nano.a(lib_a-sbrkr.o)
                0x08001eb4                _sbrk_r
 .text.__malloc_lock
                0x08001ed4        0x2 d:/engazat/embeddedsystem/currently/imt/imt_arm_diploma/imt_arm_course/02- tools/03- imt sdk/imt_sdk_win_64/winarm/armgcc/bin/../lib/gcc/arm-none-eabi/7.2.1/../../../../arm-none-eabi/lib/thumb/v7-m\libg_nano.a(lib_a-mlock.o)
                0x08001ed4                __malloc_lock
 .text.__malloc_unlock
                0x08001ed6        0x2 d:/engazat/embeddedsystem/currently/imt/imt_arm_diploma/imt_arm_course/02- tools/03- imt sdk/imt_sdk_win_64/winarm/armgcc/bin/../lib/gcc/arm-none-eabi/7.2.1/../../../../arm-none-eabi/lib/thumb/v7-m\libg_nano.a(lib_a-mlock.o)
                0x08001ed6                __malloc_unlock
 .text._malloc_usable_size_r
                0x08001ed8       0x10 d:/engazat/embeddedsystem/currently/imt/imt_arm_diploma/imt_arm_course/02- tools/03- imt sdk/imt_sdk_win_64/winarm/armgcc/bin/../lib/gcc/arm-none-eabi/7.2.1/../../../../arm-none-eabi/lib/thumb/v7-m\libg_nano.a(lib_a-nano-msizer.o)
                0x08001ed8                _malloc_usable_size_r
 *(.rodata .rodata.* .constdata .constdata.*)
 .rodata.dumpExceptionStack.str1.4
                0x08001ee8      0x11a ./system/src/cortexm/exception_handlers.o
 *fill*         0x08002002        0x2 
 .rodata.str1.4
                0x08002004       0x2c ./system/src/cortexm/exception_handlers.o
                                 0x2a (size before relaxing)
 .rodata._svfprintf_r.str1.1
                0x08002030       0x11 d:/engazat/embeddedsystem/currently/imt/imt_arm_diploma/imt_arm_course/02- tools/03- imt sdk/imt_sdk_win_64/winarm/armgcc/bin/../lib/gcc/arm-none-eabi/7.2.1/../../../../arm-none-eabi/lib/thumb/v7-m\libg_nano.a(lib_a-nano-svfprintf.o)
 .rodata._printf_i.str1.1
                0x08002041       0x22 d:/engazat/embeddedsystem/currently/imt/imt_arm_diploma/imt_arm_course/02- tools/03- imt sdk/imt_sdk_win_64/winarm/armgcc/bin/../lib/gcc/arm-none-eabi/7.2.1/../../../../arm-none-eabi/lib/thumb/v7-m\libg_nano.a(lib_a-nano-vfprintf_i.o)
 *(vtable)
 *(.eh_frame*)
 *(.glue_7)
 .glue_7        0x08002063        0x0 linker stubs
 *(.glue_7t)
 .glue_7t       0x08002063        0x0 linker stubs

.vfp11_veneer   0x08002064        0x0
 .vfp11_veneer  0x08002064        0x0 linker stubs

.v4_bx          0x08002064        0x0
 .v4_bx         0x08002064        0x0 linker stubs

.iplt           0x08002064        0x0
 .iplt          0x08002064        0x0 ./system/src/newlib/_exit.o

.rel.dyn        0x08002064        0x0
 .rel.iplt      0x08002064        0x0 ./system/src/newlib/_exit.o

.ARM.extab
 *(.ARM.extab* .gnu.linkonce.armextab.*)
                0x08002064                . = ALIGN (0x4)
                0x08002064                __exidx_start = .

.ARM.exidx
 *(.ARM.exidx* .gnu.linkonce.armexidx.*)
                0x08002064                __exidx_end = .
                0x08002064                . = ALIGN (0x4)
                0x08002064                _etext = .
                0x08002064                __etext = .

.data_CCMRAM    0x00000000        0x0 load address 0x08002064
 FILL mask 0xff
 *(.data.CCMRAM .data.CCMRAM.*)
                0x00000000                . = ALIGN (0x4)
                0x08002064                _sidata = LOADADDR (.data)

.data           0x20000000      0x2a8 load address 0x08002064
 FILL mask 0xff
                0x20000000                _sdata = .
                0x20000000                __data_start__ = .
 *(.data_begin .data_begin.*)
 .data_begin    0x20000000        0x4 ./system/src/newlib/_startup.o
 *(.data .data.*)
 .data.argv.4310
                0x20000004        0x8 ./system/src/newlib/_syscalls.o
 .data.AHBPrescTable
                0x2000000c       0x10 ./system/src/cmsis/system_stm32f10x.o
                0x2000000c                AHBPrescTable
 .data.SystemCoreClock
                0x2000001c        0x4 ./system/src/cmsis/system_stm32f10x.o
                0x2000001c                SystemCoreClock
 .data.Motor_u32PeriodicTime
                0x20000020        0x4 ./src/main.o
                0x20000020                Motor_u32PeriodicTime
 .data.POV_u8Flags
                0x20000024        0x9 ./src/main.o
                0x20000024                POV_u8Flags
 .data.u8ShiftWord
                0x2000002d        0x1 ./src/main.o
                0x2000002d                u8ShiftWord
 .data.CurrentDistanceBetweenTeeth
                0x2000002e        0x2 ./src/pov_display.o
                0x2000002e                CurrentDistanceBetweenTeeth
 .data.POV_u16ARE
                0x20000030       0x22 ./src/pov_display.o
                0x20000030                POV_u16ARE
 *fill*         0x20000052        0x2 ff
 .data.POV_u16LEARN
                0x20000054       0x3a ./src/pov_display.o
                0x20000054                POV_u16LEARN
 *fill*         0x2000008e        0x2 ff
 .data.POV_u16LongArrow
                0x20000090        0xa ./src/pov_display.o
                0x20000090                POV_u16LongArrow
 *fill*         0x2000009a        0x2 ff
 .data.POV_u16MAKE
                0x2000009c       0x32 ./src/pov_display.o
                0x2000009c                POV_u16MAKE
 *fill*         0x200000ce        0x2 ff
 .data.POV_u16Num1
                0x200000d0        0x6 ./src/pov_display.o
                0x200000d0                POV_u16Num1
 *fill*         0x200000d6        0x2 ff
 .data.POV_u16Num2
                0x200000d8        0x8 ./src/pov_display.o
                0x200000d8                POV_u16Num2
 .data.POV_u16Num3
                0x200000e0        0xe ./src/pov_display.o
                0x200000e0                POV_u16Num3
 *fill*         0x200000ee        0x2 ff
 .data.POV_u16Num6
                0x200000f0        0x8 ./src/pov_display.o
                0x200000f0                POV_u16Num6
 .data.POV_u16Num9
                0x200000f8        0xe ./src/pov_display.o
                0x200000f8                POV_u16Num9
 *fill*         0x20000106        0x2 ff
 .data.POV_u16PIXELS
                0x20000108       0x3c ./src/pov_display.o
                0x20000108                POV_u16PIXELS
 .data.POV_u16SHARE
                0x20000144       0x38 ./src/pov_display.o
                0x20000144                POV_u16SHARE
 .data.POV_u16ShortArrow
                0x2000017c        0xa ./src/pov_display.o
                0x2000017c                POV_u16ShortArrow
 *fill*         0x20000186        0x2 ff
 .data.POV_u16THANKS
                0x20000188       0x48 ./src/pov_display.o
                0x20000188                POV_u16THANKS
 .data.POV_u16TREND
                0x200001d0       0x38 ./src/pov_display.o
                0x200001d0                POV_u16TREND
 .data.POV_u16WE
                0x20000208       0x1c ./src/pov_display.o
                0x20000208                POV_u16WE
 .data.GPIO     0x20000224        0xc ./src/stm32f103c8t6_gpio.o
                0x20000224                GPIO
 .data.TIMER    0x20000230       0x10 ./src/stm32f103c8t6_timer.o
                0x20000230                TIMER
 .data._impure_ptr
                0x20000240        0x4 d:/engazat/embeddedsystem/currently/imt/imt_arm_diploma/imt_arm_course/02- tools/03- imt sdk/imt_sdk_win_64/winarm/armgcc/bin/../lib/gcc/arm-none-eabi/7.2.1/../../../../arm-none-eabi/lib/thumb/v7-m\libg_nano.a(lib_a-impure.o)
                0x20000240                _impure_ptr
 .data.impure_data
                0x20000244       0x60 d:/engazat/embeddedsystem/currently/imt/imt_arm_diploma/imt_arm_course/02- tools/03- imt sdk/imt_sdk_win_64/winarm/armgcc/bin/../lib/gcc/arm-none-eabi/7.2.1/../../../../arm-none-eabi/lib/thumb/v7-m\libg_nano.a(lib_a-impure.o)
 *(.data_end .data_end.*)
 .data_end      0x200002a4        0x4 ./system/src/newlib/_startup.o
                0x200002a8                . = ALIGN (0x4)
                0x200002a8                _edata = .
                0x200002a8                __data_end__ = .

.igot.plt       0x200002a8        0x0 load address 0x0800230c
 .igot.plt      0x200002a8        0x0 ./system/src/newlib/_exit.o

.bss_CCMRAM     0x00000000        0x0
 *(.bss.CCMRAM .bss.CCMRAM.*)

.bss            0x200002a8      0x20c
                0x200002a8                __bss_start__ = .
                0x200002a8                _sbss = .
 *(.bss_begin .bss_begin.*)
 .bss_begin     0x200002a8        0x4 ./system/src/newlib/_startup.o
 *(.bss .bss.*)
 .bss.current_heap_end.3961
                0x200002ac        0x4 ./system/src/newlib/_sbrk.o
 .bss.name.4309
                0x200002b0        0x1 ./system/src/newlib/_syscalls.o
 *fill*         0x200002b1        0x3 
 .bss.buf.5205  0x200002b4       0x80 ./system/src/diag/Trace.o
 .bss.ButtonToFunction
                0x20000334        0xf ./src/ir_sensor.o
                0x20000334                ButtonToFunction
 *fill*         0x20000343        0x1 
 .bss._IR_CallBack
                0x20000344       0x3c ./src/ir_sensor.o
 .bss.u32Counter
                0x20000380       0xc8 ./src/ir_sensor.o
                0x20000380                u32Counter
 .bss.u8IndexCounter
                0x20000448        0x1 ./src/ir_sensor.o
                0x20000448                u8IndexCounter
 .bss.u8StartFlag
                0x20000449        0x1 ./src/ir_sensor.o
                0x20000449                u8StartFlag
 .bss.HallEffect_u8Flag
                0x2000044a        0x1 ./src/main.o
                0x2000044a                HallEffect_u8Flag
 .bss.IR_u8Flag
                0x2000044b        0x1 ./src/main.o
                0x2000044b                IR_u8Flag
 .bss.Motor_u8OneCycleDone
                0x2000044c        0x1 ./src/main.o
                0x2000044c                Motor_u8OneCycleDone
 .bss.POV_u8DisplayFlag
                0x2000044d        0x1 ./src/main.o
                0x2000044d                POV_u8DisplayFlag
 .bss.POV_u8FlagsIndex
                0x2000044e        0x1 ./src/main.o
                0x2000044e                POV_u8FlagsIndex
 .bss.ArrowCounter
                0x2000044f        0x1 ./src/pov_display.o
                0x2000044f                ArrowCounter
 .bss.ArrowFlag
                0x20000450        0x1 ./src/pov_display.o
                0x20000450                ArrowFlag
 *fill*         0x20000451        0x3 
 .bss.MIX       0x20000454        0xa ./src/pov_display.o
                0x20000454                MIX
 *fill*         0x2000045e        0x2 
 .bss.STK_CallBack
                0x20000460        0x4 ./src/stm23f103c8t6_systick.o
 .bss.STK_u8TimeIntervalMode
                0x20000464        0x1 ./src/stm23f103c8t6_systick.o
 *fill*         0x20000465        0x3 
 .bss.EXTI_CallBack
                0x20000468       0x14 ./src/stm32f103c8t6_exti.o
 .bss.PtrToInput
                0x2000047c       0x14 ./src/stm32f103c8t6_exti.o
                0x2000047c                PtrToInput
 .bss.__malloc_free_list
                0x20000490        0x4 d:/engazat/embeddedsystem/currently/imt/imt_arm_diploma/imt_arm_course/02- tools/03- imt sdk/imt_sdk_win_64/winarm/armgcc/bin/../lib/gcc/arm-none-eabi/7.2.1/../../../../arm-none-eabi/lib/thumb/v7-m\libg_nano.a(lib_a-nano-mallocr.o)
                0x20000490                __malloc_free_list
 .bss.__malloc_sbrk_start
                0x20000494        0x4 d:/engazat/embeddedsystem/currently/imt/imt_arm_diploma/imt_arm_course/02- tools/03- imt sdk/imt_sdk_win_64/winarm/armgcc/bin/../lib/gcc/arm-none-eabi/7.2.1/../../../../arm-none-eabi/lib/thumb/v7-m\libg_nano.a(lib_a-nano-mallocr.o)
                0x20000494                __malloc_sbrk_start
 *(COMMON)
 COMMON         0x20000498        0x4 ./system/src/newlib/_syscalls.o
                0x20000498                errno
 COMMON         0x2000049c       0x14 ./src/stm32f103c8t6_timer.o
                0x2000049c                TIMx_CallBack
                0x200004ac                u8TimeIntervalMode
 *(.bss_end .bss_end.*)
 .bss_end       0x200004b0        0x4 ./system/src/newlib/_startup.o
                0x200004b4                . = ALIGN (0x4)
                0x200004b4                __bss_end__ = .
                0x200004b4                _ebss = .

.noinit_CCMRAM
 *(.noinit.CCMRAM .noinit.CCMRAM.*)

.noinit         0x200004b4        0x0
                0x200004b4                _noinit = .
 *(.noinit .noinit.*)
                0x200004b4                . = ALIGN (0x4)
                0x200004b4                _end_noinit = .
                [!provide]                PROVIDE (end, _end_noinit)
                [!provide]                PROVIDE (_end, _end_noinit)
                [!provide]                PROVIDE (__end, _end_noinit)
                [!provide]                PROVIDE (__end__, _end_noinit)

._check_stack   0x200004b4      0x100
                0x200005b4                . = (. + _Minimum_Stack_Size)
 *fill*         0x200004b4      0x100 

.b1text
 *(.b1text)
 *(.b1rodata)
 *(.b1rodata.*)

.eb0text
 *(.eb0text)
 *(.eb0rodata)
 *(.eb0rodata.*)

.eb1text
 *(.eb1text)
 *(.eb1rodata)
 *(.eb1rodata.*)

.eb2text
 *(.eb2text)
 *(.eb2rodata)
 *(.eb2rodata.*)

.eb3text
 *(.eb3text)
 *(.eb3rodata)
 *(.eb3rodata.*)

.stab
 *(.stab)

.stabstr
 *(.stabstr)

.stab.excl
 *(.stab.excl)

.stab.exclstr
 *(.stab.exclstr)

.stab.index
 *(.stab.index)

.stab.indexstr
 *(.stab.indexstr)

.comment        0x00000000       0x7e
 *(.comment)
 .comment       0x00000000       0x7e ./system/src/newlib/_exit.o
                                 0x7f (size before relaxing)
 .comment       0x0000007e       0x7f ./system/src/newlib/_sbrk.o
 .comment       0x0000007e       0x7f ./system/src/newlib/_startup.o
 .comment       0x0000007e       0x7f ./system/src/newlib/_syscalls.o
 .comment       0x0000007e       0x7f ./system/src/diag/Trace.o
 .comment       0x0000007e       0x7f ./system/src/diag/trace_impl.o
 .comment       0x0000007e       0x7f ./system/src/cortexm/_initialize_hardware.o
 .comment       0x0000007e       0x7f ./system/src/cortexm/exception_handlers.o
 .comment       0x0000007e       0x7f ./system/src/cmsis/system_stm32f10x.o
 .comment       0x0000007e       0x7f ./system/src/cmsis/vectors_stm32f10x.o
 .comment       0x0000007e       0x7f ./src/ir_sensor.o
 .comment       0x0000007e       0x7f ./src/main.o
 .comment       0x0000007e       0x7f ./src/pov_display.o
 .comment       0x0000007e       0x7f ./src/shift_register.o
 .comment       0x0000007e       0x7f ./src/stm23f103c8t6_dma.o
 .comment       0x0000007e       0x7f ./src/stm23f103c8t6_systick.o
 .comment       0x0000007e       0x7f ./src/stm32f103c8t6_afio.o
 .comment       0x0000007e       0x7f ./src/stm32f103c8t6_exti.o
 .comment       0x0000007e       0x7f ./src/stm32f103c8t6_gpio.o
 .comment       0x0000007e       0x7f ./src/stm32f103c8t6_nvic.o
 .comment       0x0000007e       0x7f ./src/stm32f103c8t6_rcc.o
 .comment       0x0000007e       0x7f ./src/stm32f103c8t6_timer.o

.ARM.attributes
                0x00000000       0x31
 .ARM.attributes
                0x00000000       0x33 ./system/src/newlib/_exit.o
 .ARM.attributes
                0x00000033       0x33 ./system/src/newlib/_sbrk.o
 .ARM.attributes
                0x00000066       0x33 ./system/src/newlib/_startup.o
 .ARM.attributes
                0x00000099       0x33 ./system/src/newlib/_syscalls.o
 .ARM.attributes
                0x000000cc       0x33 ./system/src/diag/Trace.o
 .ARM.attributes
                0x000000ff       0x33 ./system/src/diag/trace_impl.o
 .ARM.attributes
                0x00000132       0x33 ./system/src/cortexm/_initialize_hardware.o
 .ARM.attributes
                0x00000165       0x33 ./system/src/cortexm/exception_handlers.o
 .ARM.attributes
                0x00000198       0x33 ./system/src/cmsis/system_stm32f10x.o
 .ARM.attributes
                0x000001cb       0x33 ./system/src/cmsis/vectors_stm32f10x.o
 .ARM.attributes
                0x000001fe       0x33 ./src/ir_sensor.o
 .ARM.attributes
                0x00000231       0x33 ./src/main.o
 .ARM.attributes
                0x00000264       0x33 ./src/pov_display.o
 .ARM.attributes
                0x00000297       0x33 ./src/shift_register.o
 .ARM.attributes
                0x000002ca       0x33 ./src/stm23f103c8t6_dma.o
 .ARM.attributes
                0x000002fd       0x33 ./src/stm23f103c8t6_systick.o
 .ARM.attributes
                0x00000330       0x33 ./src/stm32f103c8t6_afio.o
 .ARM.attributes
                0x00000363       0x33 ./src/stm32f103c8t6_exti.o
 .ARM.attributes
                0x00000396       0x33 ./src/stm32f103c8t6_gpio.o
 .ARM.attributes
                0x000003c9       0x33 ./src/stm32f103c8t6_nvic.o
 .ARM.attributes
                0x000003fc       0x33 ./src/stm32f103c8t6_rcc.o
 .ARM.attributes
                0x0000042f       0x33 ./src/stm32f103c8t6_timer.o
 .ARM.attributes
                0x00000462       0x2d d:/engazat/embeddedsystem/currently/imt/imt_arm_diploma/imt_arm_course/02- tools/03- imt sdk/imt_sdk_win_64/winarm/armgcc/bin/../lib/gcc/arm-none-eabi/7.2.1/../../../../arm-none-eabi/lib/thumb/v7-m\libg_nano.a(lib_a-errno.o)
 .ARM.attributes
                0x0000048f       0x2d d:/engazat/embeddedsystem/currently/imt/imt_arm_diploma/imt_arm_course/02- tools/03- imt sdk/imt_sdk_win_64/winarm/armgcc/bin/../lib/gcc/arm-none-eabi/7.2.1/../../../../arm-none-eabi/lib/thumb/v7-m\libg_nano.a(lib_a-impure.o)
 .ARM.attributes
                0x000004bc       0x2d d:/engazat/embeddedsystem/currently/imt/imt_arm_diploma/imt_arm_course/02- tools/03- imt sdk/imt_sdk_win_64/winarm/armgcc/bin/../lib/gcc/arm-none-eabi/7.2.1/../../../../arm-none-eabi/lib/thumb/v7-m\libg_nano.a(lib_a-vsnprintf.o)
 .ARM.attributes
                0x000004e9       0x2d d:/engazat/embeddedsystem/currently/imt/imt_arm_diploma/imt_arm_course/02- tools/03- imt sdk/imt_sdk_win_64/winarm/armgcc/bin/../lib/gcc/arm-none-eabi/7.2.1/../../../../arm-none-eabi/lib/thumb/v7-m\libg_nano.a(lib_a-nano-svfprintf.o)
 .ARM.attributes
                0x00000516       0x2d d:/engazat/embeddedsystem/currently/imt/imt_arm_diploma/imt_arm_course/02- tools/03- imt sdk/imt_sdk_win_64/winarm/armgcc/bin/../lib/gcc/arm-none-eabi/7.2.1/../../../../arm-none-eabi/lib/thumb/v7-m\libg_nano.a(lib_a-nano-vfprintf_i.o)
 .ARM.attributes
                0x00000543       0x2d d:/engazat/embeddedsystem/currently/imt/imt_arm_diploma/imt_arm_course/02- tools/03- imt sdk/imt_sdk_win_64/winarm/armgcc/bin/../lib/gcc/arm-none-eabi/7.2.1/../../../../arm-none-eabi/lib/thumb/v7-m\libg_nano.a(lib_a-memchr-stub.o)
 .ARM.attributes
                0x00000570       0x2d d:/engazat/embeddedsystem/currently/imt/imt_arm_diploma/imt_arm_course/02- tools/03- imt sdk/imt_sdk_win_64/winarm/armgcc/bin/../lib/gcc/arm-none-eabi/7.2.1/../../../../arm-none-eabi/lib/thumb/v7-m\libg_nano.a(lib_a-memcpy-stub.o)
 .ARM.attributes
                0x0000059d       0x2d d:/engazat/embeddedsystem/currently/imt/imt_arm_diploma/imt_arm_course/02- tools/03- imt sdk/imt_sdk_win_64/winarm/armgcc/bin/../lib/gcc/arm-none-eabi/7.2.1/../../../../arm-none-eabi/lib/thumb/v7-m\libg_nano.a(lib_a-memmove.o)
 .ARM.attributes
                0x000005ca       0x2d d:/engazat/embeddedsystem/currently/imt/imt_arm_diploma/imt_arm_course/02- tools/03- imt sdk/imt_sdk_win_64/winarm/armgcc/bin/../lib/gcc/arm-none-eabi/7.2.1/../../../../arm-none-eabi/lib/thumb/v7-m\libg_nano.a(lib_a-nano-freer.o)
 .ARM.attributes
                0x000005f7       0x2d d:/engazat/embeddedsystem/currently/imt/imt_arm_diploma/imt_arm_course/02- tools/03- imt sdk/imt_sdk_win_64/winarm/armgcc/bin/../lib/gcc/arm-none-eabi/7.2.1/../../../../arm-none-eabi/lib/thumb/v7-m\libg_nano.a(lib_a-nano-mallocr.o)
 .ARM.attributes
                0x00000624       0x2d d:/engazat/embeddedsystem/currently/imt/imt_arm_diploma/imt_arm_course/02- tools/03- imt sdk/imt_sdk_win_64/winarm/armgcc/bin/../lib/gcc/arm-none-eabi/7.2.1/../../../../arm-none-eabi/lib/thumb/v7-m\libg_nano.a(lib_a-nano-reallocr.o)
 .ARM.attributes
                0x00000651       0x2d d:/engazat/embeddedsystem/currently/imt/imt_arm_diploma/imt_arm_course/02- tools/03- imt sdk/imt_sdk_win_64/winarm/armgcc/bin/../lib/gcc/arm-none-eabi/7.2.1/../../../../arm-none-eabi/lib/thumb/v7-m\libg_nano.a(lib_a-sbrkr.o)
 .ARM.attributes
                0x0000067e       0x2d d:/engazat/embeddedsystem/currently/imt/imt_arm_diploma/imt_arm_course/02- tools/03- imt sdk/imt_sdk_win_64/winarm/armgcc/bin/../lib/gcc/arm-none-eabi/7.2.1/../../../../arm-none-eabi/lib/thumb/v7-m\libg_nano.a(lib_a-mlock.o)
 .ARM.attributes
                0x000006ab       0x2d d:/engazat/embeddedsystem/currently/imt/imt_arm_diploma/imt_arm_course/02- tools/03- imt sdk/imt_sdk_win_64/winarm/armgcc/bin/../lib/gcc/arm-none-eabi/7.2.1/../../../../arm-none-eabi/lib/thumb/v7-m\libg_nano.a(lib_a-nano-msizer.o)

.debug
 *(.debug)

.line
 *(.line)

.debug_srcinfo
 *(.debug_srcinfo)

.debug_sfnames
 *(.debug_sfnames)

.debug_aranges  0x00000000      0x598
 *(.debug_aranges)
 .debug_aranges
                0x00000000       0x28 ./system/src/newlib/_exit.o
 .debug_aranges
                0x00000028       0x20 ./system/src/newlib/_sbrk.o
 .debug_aranges
                0x00000048       0x40 ./system/src/newlib/_startup.o
 .debug_aranges
                0x00000088       0x30 ./system/src/newlib/_syscalls.o
 .debug_aranges
                0x000000b8       0x38 ./system/src/diag/Trace.o
 .debug_aranges
                0x000000f0       0x30 ./system/src/diag/trace_impl.o
 .debug_aranges
                0x00000120       0x28 ./system/src/cortexm/_initialize_hardware.o
 .debug_aranges
                0x00000148       0x90 ./system/src/cortexm/exception_handlers.o
 .debug_aranges
                0x000001d8       0x38 ./system/src/cmsis/system_stm32f10x.o
 .debug_aranges
                0x00000210       0x20 ./system/src/cmsis/vectors_stm32f10x.o
 .debug_aranges
                0x00000230       0x50 ./src/ir_sensor.o
 .debug_aranges
                0x00000280       0x70 ./src/main.o
 .debug_aranges
                0x000002f0       0x30 ./src/pov_display.o
 .debug_aranges
                0x00000320       0x28 ./src/shift_register.o
 .debug_aranges
                0x00000348       0x28 ./src/stm23f103c8t6_dma.o
 .debug_aranges
                0x00000370       0x60 ./src/stm23f103c8t6_systick.o
 .debug_aranges
                0x000003d0       0x30 ./src/stm32f103c8t6_afio.o
 .debug_aranges
                0x00000400       0x68 ./src/stm32f103c8t6_exti.o
 .debug_aranges
                0x00000468       0x30 ./src/stm32f103c8t6_gpio.o
 .debug_aranges
                0x00000498       0x48 ./src/stm32f103c8t6_nvic.o
 .debug_aranges
                0x000004e0       0x30 ./src/stm32f103c8t6_rcc.o
 .debug_aranges
                0x00000510       0x88 ./src/stm32f103c8t6_timer.o

.debug_pubnames
 *(.debug_pubnames)

.debug_info     0x00000000     0x7b99
 *(.debug_info .gnu.linkonce.wi.*)
 .debug_info    0x00000000      0x956 ./system/src/newlib/_exit.o
 .debug_info    0x00000956      0x942 ./system/src/newlib/_sbrk.o
 .debug_info    0x00001298      0x42e ./system/src/newlib/_startup.o
 .debug_info    0x000016c6      0xa19 ./system/src/newlib/_syscalls.o
 .debug_info    0x000020df      0xb2a ./system/src/diag/Trace.o
 .debug_info    0x00002c09      0x363 ./system/src/diag/trace_impl.o
 .debug_info    0x00002f6c      0x2b5 ./system/src/cortexm/_initialize_hardware.o
 .debug_info    0x00003221     0x1140 ./system/src/cortexm/exception_handlers.o
 .debug_info    0x00004361      0x494 ./system/src/cmsis/system_stm32f10x.o
 .debug_info    0x000047f5       0xca ./system/src/cmsis/vectors_stm32f10x.o
 .debug_info    0x000048bf      0x5d8 ./src/ir_sensor.o
 .debug_info    0x00004e97      0xd4a ./src/main.o
 .debug_info    0x00005be1      0x613 ./src/pov_display.o
 .debug_info    0x000061f4      0x389 ./src/shift_register.o
 .debug_info    0x0000657d      0x1e0 ./src/stm23f103c8t6_dma.o
 .debug_info    0x0000675d      0x1e4 ./src/stm23f103c8t6_systick.o
 .debug_info    0x00006941      0x2fd ./src/stm32f103c8t6_afio.o
 .debug_info    0x00006c3e      0x363 ./src/stm32f103c8t6_exti.o
 .debug_info    0x00006fa1      0x2e9 ./src/stm32f103c8t6_gpio.o
 .debug_info    0x0000728a      0x1b9 ./src/stm32f103c8t6_nvic.o
 .debug_info    0x00007443      0x105 ./src/stm32f103c8t6_rcc.o
 .debug_info    0x00007548      0x651 ./src/stm32f103c8t6_timer.o

.debug_abbrev   0x00000000     0x1ec3
 *(.debug_abbrev)
 .debug_abbrev  0x00000000      0x1f3 ./system/src/newlib/_exit.o
 .debug_abbrev  0x000001f3      0x1fc ./system/src/newlib/_sbrk.o
 .debug_abbrev  0x000003ef      0x1b3 ./system/src/newlib/_startup.o
 .debug_abbrev  0x000005a2      0x234 ./system/src/newlib/_syscalls.o
 .debug_abbrev  0x000007d6      0x276 ./system/src/diag/Trace.o
 .debug_abbrev  0x00000a4c      0x1e2 ./system/src/diag/trace_impl.o
 .debug_abbrev  0x00000c2e       0xea ./system/src/cortexm/_initialize_hardware.o
 .debug_abbrev  0x00000d18      0x32b ./system/src/cortexm/exception_handlers.o
 .debug_abbrev  0x00001043      0x177 ./system/src/cmsis/system_stm32f10x.o
 .debug_abbrev  0x000011ba       0x9d ./system/src/cmsis/vectors_stm32f10x.o
 .debug_abbrev  0x00001257      0x18e ./src/ir_sensor.o
 .debug_abbrev  0x000013e5      0x136 ./src/main.o
 .debug_abbrev  0x0000151b      0x12b ./src/pov_display.o
 .debug_abbrev  0x00001646       0xbf ./src/shift_register.o
 .debug_abbrev  0x00001705      0x104 ./src/stm23f103c8t6_dma.o
 .debug_abbrev  0x00001809       0xf5 ./src/stm23f103c8t6_systick.o
 .debug_abbrev  0x000018fe       0xea ./src/stm32f103c8t6_afio.o
 .debug_abbrev  0x000019e8      0x146 ./src/stm32f103c8t6_exti.o
 .debug_abbrev  0x00001b2e      0x129 ./src/stm32f103c8t6_gpio.o
 .debug_abbrev  0x00001c57       0xaa ./src/stm32f103c8t6_nvic.o
 .debug_abbrev  0x00001d01       0x70 ./src/stm32f103c8t6_rcc.o
 .debug_abbrev  0x00001d71      0x152 ./src/stm32f103c8t6_timer.o

.debug_line     0x00000000     0x4159
 *(.debug_line)
 .debug_line    0x00000000      0x45f ./system/src/newlib/_exit.o
 .debug_line    0x0000045f      0x413 ./system/src/newlib/_sbrk.o
 .debug_line    0x00000872      0x4cd ./system/src/newlib/_startup.o
 .debug_line    0x00000d3f      0x56d ./system/src/newlib/_syscalls.o
 .debug_line    0x000012ac      0x4db ./system/src/diag/Trace.o
 .debug_line    0x00001787      0x748 ./system/src/diag/trace_impl.o
 .debug_line    0x00001ecf      0x3b8 ./system/src/cortexm/_initialize_hardware.o
 .debug_line    0x00002287      0x80a ./system/src/cortexm/exception_handlers.o
 .debug_line    0x00002a91      0x42b ./system/src/cmsis/system_stm32f10x.o
 .debug_line    0x00002ebc      0x144 ./system/src/cmsis/vectors_stm32f10x.o
 .debug_line    0x00003000      0x23c ./src/ir_sensor.o
 .debug_line    0x0000323c      0x2c6 ./src/main.o
 .debug_line    0x00003502      0x203 ./src/pov_display.o
 .debug_line    0x00003705      0x1e3 ./src/shift_register.o
 .debug_line    0x000038e8       0xa0 ./src/stm23f103c8t6_dma.o
 .debug_line    0x00003988      0x141 ./src/stm23f103c8t6_systick.o
 .debug_line    0x00003ac9       0xb7 ./src/stm32f103c8t6_afio.o
 .debug_line    0x00003b80      0x14f ./src/stm32f103c8t6_exti.o
 .debug_line    0x00003ccf       0xbd ./src/stm32f103c8t6_gpio.o
 .debug_line    0x00003d8c      0x103 ./src/stm32f103c8t6_nvic.o
 .debug_line    0x00003e8f       0xc0 ./src/stm32f103c8t6_rcc.o
 .debug_line    0x00003f4f      0x20a ./src/stm32f103c8t6_timer.o

.debug_frame    0x00000000      0xe00
 *(.debug_frame)
 .debug_frame   0x00000000       0x38 ./system/src/newlib/_exit.o
 .debug_frame   0x00000038       0x28 ./system/src/newlib/_sbrk.o
 .debug_frame   0x00000060       0x7c ./system/src/newlib/_startup.o
 .debug_frame   0x000000dc       0x50 ./system/src/newlib/_syscalls.o
 .debug_frame   0x0000012c       0x94 ./system/src/diag/Trace.o
 .debug_frame   0x000001c0       0x64 ./system/src/diag/trace_impl.o
 .debug_frame   0x00000224       0x40 ./system/src/cortexm/_initialize_hardware.o
 .debug_frame   0x00000264      0x158 ./system/src/cortexm/exception_handlers.o
 .debug_frame   0x000003bc       0x6c ./system/src/cmsis/system_stm32f10x.o
 .debug_frame   0x00000428       0x20 ./system/src/cmsis/vectors_stm32f10x.o
 .debug_frame   0x00000448       0xac ./src/ir_sensor.o
 .debug_frame   0x000004f4       0xd0 ./src/main.o
 .debug_frame   0x000005c4       0x68 ./src/pov_display.o
 .debug_frame   0x0000062c       0x48 ./src/shift_register.o
 .debug_frame   0x00000674       0x3c ./src/stm23f103c8t6_dma.o
 .debug_frame   0x000006b0       0xb8 ./src/stm23f103c8t6_systick.o
 .debug_frame   0x00000768       0x58 ./src/stm32f103c8t6_afio.o
 .debug_frame   0x000007c0       0xec ./src/stm32f103c8t6_exti.o
 .debug_frame   0x000008ac       0x54 ./src/stm32f103c8t6_gpio.o
 .debug_frame   0x00000900       0x7c ./src/stm32f103c8t6_nvic.o
 .debug_frame   0x0000097c       0x40 ./src/stm32f103c8t6_rcc.o
 .debug_frame   0x000009bc      0x154 ./src/stm32f103c8t6_timer.o
 .debug_frame   0x00000b10       0x20 d:/engazat/embeddedsystem/currently/imt/imt_arm_diploma/imt_arm_course/02- tools/03- imt sdk/imt_sdk_win_64/winarm/armgcc/bin/../lib/gcc/arm-none-eabi/7.2.1/../../../../arm-none-eabi/lib/thumb/v7-m\libg_nano.a(lib_a-errno.o)
 .debug_frame   0x00000b30       0x4c d:/engazat/embeddedsystem/currently/imt/imt_arm_diploma/imt_arm_course/02- tools/03- imt sdk/imt_sdk_win_64/winarm/armgcc/bin/../lib/gcc/arm-none-eabi/7.2.1/../../../../arm-none-eabi/lib/thumb/v7-m\libg_nano.a(lib_a-vsnprintf.o)
 .debug_frame   0x00000b7c       0x90 d:/engazat/embeddedsystem/currently/imt/imt_arm_diploma/imt_arm_course/02- tools/03- imt sdk/imt_sdk_win_64/winarm/armgcc/bin/../lib/gcc/arm-none-eabi/7.2.1/../../../../arm-none-eabi/lib/thumb/v7-m\libg_nano.a(lib_a-nano-svfprintf.o)
 .debug_frame   0x00000c0c       0x60 d:/engazat/embeddedsystem/currently/imt/imt_arm_diploma/imt_arm_course/02- tools/03- imt sdk/imt_sdk_win_64/winarm/armgcc/bin/../lib/gcc/arm-none-eabi/7.2.1/../../../../arm-none-eabi/lib/thumb/v7-m\libg_nano.a(lib_a-nano-vfprintf_i.o)
 .debug_frame   0x00000c6c       0x28 d:/engazat/embeddedsystem/currently/imt/imt_arm_diploma/imt_arm_course/02- tools/03- imt sdk/imt_sdk_win_64/winarm/armgcc/bin/../lib/gcc/arm-none-eabi/7.2.1/../../../../arm-none-eabi/lib/thumb/v7-m\libg_nano.a(lib_a-memchr-stub.o)
 .debug_frame   0x00000c94       0x28 d:/engazat/embeddedsystem/currently/imt/imt_arm_diploma/imt_arm_course/02- tools/03- imt sdk/imt_sdk_win_64/winarm/armgcc/bin/../lib/gcc/arm-none-eabi/7.2.1/../../../../arm-none-eabi/lib/thumb/v7-m\libg_nano.a(lib_a-memcpy-stub.o)
 .debug_frame   0x00000cbc       0x28 d:/engazat/embeddedsystem/currently/imt/imt_arm_diploma/imt_arm_course/02- tools/03- imt sdk/imt_sdk_win_64/winarm/armgcc/bin/../lib/gcc/arm-none-eabi/7.2.1/../../../../arm-none-eabi/lib/thumb/v7-m\libg_nano.a(lib_a-memmove.o)
 .debug_frame   0x00000ce4       0x38 d:/engazat/embeddedsystem/currently/imt/imt_arm_diploma/imt_arm_course/02- tools/03- imt sdk/imt_sdk_win_64/winarm/armgcc/bin/../lib/gcc/arm-none-eabi/7.2.1/../../../../arm-none-eabi/lib/thumb/v7-m\libg_nano.a(lib_a-nano-freer.o)
 .debug_frame   0x00000d1c       0x2c d:/engazat/embeddedsystem/currently/imt/imt_arm_diploma/imt_arm_course/02- tools/03- imt sdk/imt_sdk_win_64/winarm/armgcc/bin/../lib/gcc/arm-none-eabi/7.2.1/../../../../arm-none-eabi/lib/thumb/v7-m\libg_nano.a(lib_a-nano-mallocr.o)
 .debug_frame   0x00000d48       0x3c d:/engazat/embeddedsystem/currently/imt/imt_arm_diploma/imt_arm_course/02- tools/03- imt sdk/imt_sdk_win_64/winarm/armgcc/bin/../lib/gcc/arm-none-eabi/7.2.1/../../../../arm-none-eabi/lib/thumb/v7-m\libg_nano.a(lib_a-nano-reallocr.o)
 .debug_frame   0x00000d84       0x2c d:/engazat/embeddedsystem/currently/imt/imt_arm_diploma/imt_arm_course/02- tools/03- imt sdk/imt_sdk_win_64/winarm/armgcc/bin/../lib/gcc/arm-none-eabi/7.2.1/../../../../arm-none-eabi/lib/thumb/v7-m\libg_nano.a(lib_a-sbrkr.o)
 .debug_frame   0x00000db0       0x30 d:/engazat/embeddedsystem/currently/imt/imt_arm_diploma/imt_arm_course/02- tools/03- imt sdk/imt_sdk_win_64/winarm/armgcc/bin/../lib/gcc/arm-none-eabi/7.2.1/../../../../arm-none-eabi/lib/thumb/v7-m\libg_nano.a(lib_a-mlock.o)
 .debug_frame   0x00000de0       0x20 d:/engazat/embeddedsystem/currently/imt/imt_arm_diploma/imt_arm_course/02- tools/03- imt sdk/imt_sdk_win_64/winarm/armgcc/bin/../lib/gcc/arm-none-eabi/7.2.1/../../../../arm-none-eabi/lib/thumb/v7-m\libg_nano.a(lib_a-nano-msizer.o)

.debug_str      0x00000000    0x57f2e
 *(.debug_str)
 .debug_str     0x00000000     0x7d2f ./system/src/newlib/_exit.o
                               0x7f02 (size before relaxing)
 .debug_str     0x00007d2f      0x4f5 ./system/src/newlib/_sbrk.o
                               0x72b4 (size before relaxing)
 .debug_str     0x00008224      0xbbd ./system/src/newlib/_startup.o
                               0x69ef (size before relaxing)
 .debug_str     0x00008de1      0xe8b ./system/src/newlib/_syscalls.o
                               0x818f (size before relaxing)
 .debug_str     0x00009c6c      0x826 ./system/src/diag/Trace.o
                               0x867a (size before relaxing)
 .debug_str     0x0000a492    0x4b2b9 ./system/src/diag/trace_impl.o
                              0x52a60 (size before relaxing)
 .debug_str     0x0005574b       0xc4 ./system/src/cortexm/_initialize_hardware.o
                              0x4e851 (size before relaxing)
 .debug_str     0x0005580f      0x1a6 ./system/src/cortexm/exception_handlers.o
                              0x53c85 (size before relaxing)
 .debug_str     0x000559b5      0x114 ./system/src/cmsis/system_stm32f10x.o
                              0x4e8eb (size before relaxing)
 .debug_str     0x00055ac9       0x57 ./system/src/cmsis/vectors_stm32f10x.o
                               0x3890 (size before relaxing)
 .debug_str     0x00055b20     0x1398 ./src/ir_sensor.o
                               0x42b5 (size before relaxing)
 .debug_str     0x00056eb8      0x487 ./src/main.o
                               0x4633 (size before relaxing)
 .debug_str     0x0005733f       0x54 ./src/pov_display.o
                               0x401e (size before relaxing)
 .debug_str     0x00057393       0x4d ./src/shift_register.o
                               0x3f16 (size before relaxing)
 .debug_str     0x000573e0       0xc5 ./src/stm23f103c8t6_dma.o
                               0x3041 (size before relaxing)
 .debug_str     0x000574a5      0x13c ./src/stm23f103c8t6_systick.o
                               0x31a4 (size before relaxing)
 .debug_str     0x000575e1      0x3df ./src/stm32f103c8t6_afio.o
                               0x3300 (size before relaxing)
 .debug_str     0x000579c0      0x108 ./src/stm32f103c8t6_exti.o
                               0x31eb (size before relaxing)
 .debug_str     0x00057ac8       0xa4 ./src/stm32f103c8t6_gpio.o
                               0x3182 (size before relaxing)
 .debug_str     0x00057b6c       0xf7 ./src/stm32f103c8t6_nvic.o
                               0x34b1 (size before relaxing)
 .debug_str     0x00057c63       0x3d ./src/stm32f103c8t6_rcc.o
                               0x31b6 (size before relaxing)
 .debug_str     0x00057ca0      0x28e ./src/stm32f103c8t6_timer.o
                               0x3494 (size before relaxing)

.debug_loc      0x00000000     0x1700
 *(.debug_loc)
 .debug_loc     0x00000000       0x85 ./system/src/newlib/_sbrk.o
 .debug_loc     0x00000085      0x1a9 ./system/src/newlib/_startup.o
 .debug_loc     0x0000022e       0x63 ./system/src/newlib/_syscalls.o
 .debug_loc     0x00000291       0xf6 ./system/src/diag/Trace.o
 .debug_loc     0x00000387      0x121 ./system/src/diag/trace_impl.o
 .debug_loc     0x000004a8      0x291 ./system/src/cortexm/exception_handlers.o
 .debug_loc     0x00000739       0xdf ./system/src/cmsis/system_stm32f10x.o
 .debug_loc     0x00000818      0x192 ./src/ir_sensor.o
 .debug_loc     0x000009aa       0xd5 ./src/pov_display.o
 .debug_loc     0x00000a7f       0x96 ./src/shift_register.o
 .debug_loc     0x00000b15       0x42 ./src/stm23f103c8t6_dma.o
 .debug_loc     0x00000b57       0x2f ./src/stm23f103c8t6_systick.o
 .debug_loc     0x00000b86       0xb7 ./src/stm32f103c8t6_afio.o
 .debug_loc     0x00000c3d       0xa5 ./src/stm32f103c8t6_exti.o
 .debug_loc     0x00000ce2      0x135 ./src/stm32f103c8t6_gpio.o
 .debug_loc     0x00000e17      0x1d4 ./src/stm32f103c8t6_nvic.o
 .debug_loc     0x00000feb      0x14c ./src/stm32f103c8t6_rcc.o
 .debug_loc     0x00001137      0x5c9 ./src/stm32f103c8t6_timer.o

.debug_macinfo
 *(.debug_macinfo)

.debug_weaknames
 *(.debug_weaknames)

.debug_funcnames
 *(.debug_funcnames)

.debug_typenames
 *(.debug_typenames)

.debug_varnames
 *(.debug_varnames)
OUTPUT(POV_DISP_V04.elf elf32-littlearm)

.debug_ranges   0x00000000      0x4c8
 .debug_ranges  0x00000000       0x18 ./system/src/newlib/_exit.o
 .debug_ranges  0x00000018       0x10 ./system/src/newlib/_sbrk.o
 .debug_ranges  0x00000028       0x78 ./system/src/newlib/_startup.o
 .debug_ranges  0x000000a0       0x20 ./system/src/newlib/_syscalls.o
 .debug_ranges  0x000000c0       0x28 ./system/src/diag/Trace.o
 .debug_ranges  0x000000e8       0x50 ./system/src/diag/trace_impl.o
 .debug_ranges  0x00000138       0x18 ./system/src/cortexm/_initialize_hardware.o
 .debug_ranges  0x00000150       0x80 ./system/src/cortexm/exception_handlers.o
 .debug_ranges  0x000001d0       0x28 ./system/src/cmsis/system_stm32f10x.o
 .debug_ranges  0x000001f8       0x10 ./system/src/cmsis/vectors_stm32f10x.o
 .debug_ranges  0x00000208       0x58 ./src/ir_sensor.o
 .debug_ranges  0x00000260       0x60 ./src/main.o
 .debug_ranges  0x000002c0       0x20 ./src/pov_display.o
 .debug_ranges  0x000002e0       0x18 ./src/shift_register.o
 .debug_ranges  0x000002f8       0x18 ./src/stm23f103c8t6_dma.o
 .debug_ranges  0x00000310       0x50 ./src/stm23f103c8t6_systick.o
 .debug_ranges  0x00000360       0x20 ./src/stm32f103c8t6_afio.o
 .debug_ranges  0x00000380       0x58 ./src/stm32f103c8t6_exti.o
 .debug_ranges  0x000003d8       0x20 ./src/stm32f103c8t6_gpio.o
 .debug_ranges  0x000003f8       0x38 ./src/stm32f103c8t6_nvic.o
 .debug_ranges  0x00000430       0x20 ./src/stm32f103c8t6_rcc.o
 .debug_ranges  0x00000450       0x78 ./src/stm32f103c8t6_timer.o

.debug_macro    0x00000000     0x2d9f
 .debug_macro   0x00000000      0x1b4 ./system/src/newlib/_exit.o
 .debug_macro   0x000001b4       0x9c ./system/src/newlib/_exit.o
 .debug_macro   0x00000250      0x10e ./system/src/newlib/_exit.o
 .debug_macro   0x0000035e       0x8d ./system/src/newlib/_exit.o
 .debug_macro   0x000003eb       0x43 ./system/src/newlib/_exit.o
 .debug_macro   0x0000042e      0x330 ./system/src/newlib/_exit.o
 .debug_macro   0x0000075e       0x35 ./system/src/newlib/_exit.o
 .debug_macro   0x00000793      0x169 ./system/src/newlib/_sbrk.o
 .debug_macro   0x000008fc      0x174 ./system/src/newlib/_sbrk.o
 .debug_macro   0x00000a70       0x10 ./system/src/newlib/_sbrk.o
 .debug_macro   0x00000a80      0x23b ./system/src/newlib/_sbrk.o
 .debug_macro   0x00000cbb      0x173 ./system/src/newlib/_startup.o
 .debug_macro   0x00000e2e      0x217 ./system/src/newlib/_syscalls.o
 .debug_macro   0x00001045       0x1c ./system/src/newlib/_syscalls.o
 .debug_macro   0x00001061       0x10 ./system/src/newlib/_syscalls.o
 .debug_macro   0x00001071       0x10 ./system/src/newlib/_syscalls.o
 .debug_macro   0x00001081       0x10 ./system/src/newlib/_syscalls.o
 .debug_macro   0x00001091       0x35 ./system/src/newlib/_syscalls.o
 .debug_macro   0x000010c6      0x122 ./system/src/newlib/_syscalls.o
 .debug_macro   0x000011e8       0x88 ./system/src/newlib/_syscalls.o
 .debug_macro   0x00001270       0x2b ./system/src/newlib/_syscalls.o
 .debug_macro   0x0000129b      0x118 ./system/src/newlib/_syscalls.o
 .debug_macro   0x000013b3      0x189 ./system/src/newlib/_syscalls.o
 .debug_macro   0x0000153c       0x16 ./system/src/newlib/_syscalls.o
 .debug_macro   0x00001552      0x1fb ./system/src/diag/Trace.o
 .debug_macro   0x0000174d       0x16 ./system/src/diag/Trace.o
 .debug_macro   0x00001763       0x97 ./system/src/diag/Trace.o
 .debug_macro   0x000017fa       0xfd ./system/src/diag/Trace.o
 .debug_macro   0x000018f7       0x10 ./system/src/diag/Trace.o
 .debug_macro   0x00001907       0x16 ./system/src/diag/Trace.o
 .debug_macro   0x0000191d      0x16f ./system/src/diag/Trace.o
 .debug_macro   0x00001a8c       0x4c ./system/src/diag/Trace.o
 .debug_macro   0x00001ad8       0x16 ./system/src/diag/Trace.o
 .debug_macro   0x00001aee      0x2da ./system/src/diag/trace_impl.o
 .debug_macro   0x00001dc8       0x10 ./system/src/diag/trace_impl.o
 .debug_macro   0x00001dd8       0xcf ./system/src/diag/trace_impl.o
 .debug_macro   0x00001ea7       0xbe ./system/src/diag/trace_impl.o
 .debug_macro   0x00001f65       0x22 ./system/src/diag/trace_impl.o
 .debug_macro   0x00001f87      0x16b ./system/src/cortexm/_initialize_hardware.o
 .debug_macro   0x000020f2      0x324 ./system/src/cortexm/exception_handlers.o
 .debug_macro   0x00002416       0x3b ./system/src/cortexm/exception_handlers.o
 .debug_macro   0x00002451       0x10 ./system/src/cortexm/exception_handlers.o
 .debug_macro   0x00002461      0x16e ./system/src/cmsis/system_stm32f10x.o
 .debug_macro   0x000025cf       0x34 ./system/src/cmsis/vectors_stm32f10x.o
 .debug_macro   0x00002603       0x92 ./src/ir_sensor.o
 .debug_macro   0x00002695       0x10 ./src/ir_sensor.o
 .debug_macro   0x000026a5       0x28 ./src/ir_sensor.o
 .debug_macro   0x000026cd       0x8e ./src/ir_sensor.o
 .debug_macro   0x0000275b       0xa0 ./src/ir_sensor.o
 .debug_macro   0x000027fb       0x5e ./src/ir_sensor.o
 .debug_macro   0x00002859       0x2e ./src/ir_sensor.o
 .debug_macro   0x00002887       0x23 ./src/ir_sensor.o
 .debug_macro   0x000028aa       0x10 ./src/ir_sensor.o
 .debug_macro   0x000028ba       0x22 ./src/ir_sensor.o
 .debug_macro   0x000028dc       0x46 ./src/ir_sensor.o
 .debug_macro   0x00002922       0x22 ./src/ir_sensor.o
 .debug_macro   0x00002944       0xcc ./src/ir_sensor.o
 .debug_macro   0x00002a10       0x10 ./src/ir_sensor.o
 .debug_macro   0x00002a20       0xdb ./src/main.o
 .debug_macro   0x00002afb       0x1c ./src/main.o
 .debug_macro   0x00002b17       0x90 ./src/pov_display.o
 .debug_macro   0x00002ba7       0x86 ./src/shift_register.o
 .debug_macro   0x00002c2d       0x2c ./src/stm23f103c8t6_dma.o
 .debug_macro   0x00002c59       0x2c ./src/stm23f103c8t6_systick.o
 .debug_macro   0x00002c85       0x2c ./src/stm32f103c8t6_afio.o
 .debug_macro   0x00002cb1       0x35 ./src/stm32f103c8t6_exti.o
 .debug_macro   0x00002ce6       0x2c ./src/stm32f103c8t6_gpio.o
 .debug_macro   0x00002d12       0x2c ./src/stm32f103c8t6_nvic.o
 .debug_macro   0x00002d3e       0x2c ./src/stm32f103c8t6_rcc.o
 .debug_macro   0x00002d6a       0x35 ./src/stm32f103c8t6_timer.o
